Microchip MPLAB XC8 Compiler V1.44 ()

Linker command line:

-W-3 --edf=C:\Program Files (x86)\Microchip\xc8\v1.44\dat\en_msgs.txt -cs \
  -h+dist/default/production\PIC18F_UART_2_CAN_Test_.X.production.sym \
  --cmf=dist/default/production\PIC18F_UART_2_CAN_Test_.X.production.cmf -z \
  -Q18F26K83 -oC:\Users\usuario\AppData\Local\Temp\s9ao.2 \
  -Mdist/default/production/PIC18F_UART_2_CAN_Test_.X.production.map -E1 \
  -ver=XC8 -ASTACK=060h-0fffh -pstack=STACK -ACODE=00h-0FFFFh \
  -ACONST=00h-0FFFFh -ASMALLCONST=01000h-010FFhx240 \
  -AMEDIUMCONST=01000h-0FFFFh -ACOMRAM=01h-05Fh -AABS1=00h-0FFFh \
  -ABIGRAM=01h-0FFFh -ARAM=060h-0FFh,0100h-01FFhx15 -ABANK0=060h-0FFh \
  -ABANK1=0100h-01FFh -ABANK2=0200h-02FFh -ABANK3=0300h-03FFh \
  -ABANK4=0400h-04FFh -ABANK5=0500h-05FFh -ABANK6=0600h-06FFh \
  -ABANK7=0700h-07FFh -ABANK8=0800h-08FFh -ABANK9=0900h-09FFh \
  -ABANK10=0A00h-0AFFh -ABANK11=0B00h-0BFFh -ABANK12=0C00h-0CFFh \
  -ABANK13=0D00h-0DFFh -ABANK14=0E00h-0EFFh -ABANK15=0F00h-0FFFh \
  -ASFR=03700h-037FFhx8,03F00h-03F5Fh,03F60h-03FFFh -preset_vec=00h \
  -ppowerup=CODE,init -pramtop=01000h -psmallconst=SMALLCONST \
  -pmediumconst=MEDIUMCONST -pconst=CONST -AFARRAM=00h-00h \
  -ACONFIG=0300000h-0300009h -pconfig=CONFIG -AIDLOC=0200000h-020000Fh \
  -pidloc=IDLOC -AEEDATA=0310000h-03103FFh -peeprom_data=EEDATA \
  -prdata=COMRAM,nvrram=COMRAM,nvbit=COMRAM,rbss=COMRAM,rbit=COMRAM \
  -pfarbss=FARRAM,fardata=FARRAM,nvFARRAM=FARRAM \
  -pintsave_regs=BIGRAM,bigbss=BIGRAM,bigdata=BIGRAM -pbss=RAM \
  -pidata=CODE,irdata=CODE,ibigdata=CODE,ifardata=CODE -prparam=COMRAM \
  C:\Users\usuario\AppData\Local\Temp\s9ao.obj \
  dist/default/production\PIC18F_UART_2_CAN_Test_.X.production.obj 

Object code version is 3.11

Machine type is 18F26K83

Call graph: (short form)




                Name                               Link     Load   Length Selector   Space Scale
C:\Users\usuario\AppData\Local\Temp\s9ao.obj
                init                               FFFC     FFFC        4     7FFE       0
                reset_vec                             0        0        4        0       0
                idloc                            200000   200000       10   200000       0
                config                           300000   300000        A   300000       0
dist/default/production\PIC18F_UART_2_CAN_Test_.X.production.obj
                mediumconst                        FE48     FE48      1B4     7F24       0
                text26                             ECCE     ECCE       22     7667       0
                text25                             ECB0     ECB0       1E     7658       0
                text24                             EC7C     EC7C       1A     763E       0
                text23                             F2C6     F2C6      188     7963       0
                text22                             EFFC     EFFC       9C     77FE       0
                text21                             F880     F880      28E     7C40       0
                text20                             F640     F640      240     7B20       0
                text19                             FB0E     FB0E      33A     7D87       0
                text18                             F098     F098       B0     784C       0
                text17                             EC64     EC64       18     7632       0
                text16                             EF04     EF04       64     7782       0
                text15                             ECF0     ECF0       24     7678       0
                text14                             ED4A     ED4A       40     76A5       0
                text13                             ED8A     ED8A       40     76C5       0
                text12                             EC96     EC96       1A     764B       0
                text11                             EE10     EE10       48     7708       0
                text10                             EE58     EE58       56     772C       0
                text9                              ED14     ED14       36     768A       0
                text8                              EEAE     EEAE       56     7757       0
                text7                              EDCA     EDCA       46     76E5       0
                text6                              EC40     EC40       10     7620       0
                text5                              EC28     EC28        A     7614       0
                text4                              F44E     F44E      1F2     7A27       0
                text3                              EC50     EC50       14     7628       0
                text2                              EC32     EC32        E     7619       0
                text1                              EF68     EF68       94     77B4       0
                text0                              F148     F148      17E     78A4       0
                cstackCOMRAM                          1        1       51        1       1
                bssCOMRAM                            52       52        1        1       1
                cinit                              EC20     EC20        8     7610       0

TOTAL           Name                               Link     Load   Length     Space
        CLASS   STACK          

        CLASS   CODE           
                init                               FFFC     FFFC        4         0
                reset_vec                             0        0        4         0
                text26                             ECCE     ECCE       22         0
                text25                             ECB0     ECB0       1E         0
                text24                             EC7C     EC7C       1A         0
                text23                             F2C6     F2C6      188         0
                text22                             EFFC     EFFC       9C         0
                text21                             F880     F880      28E         0
                text20                             F640     F640      240         0
                text19                             FB0E     FB0E      33A         0
                text18                             F098     F098       B0         0
                text17                             EC64     EC64       18         0
                text16                             EF04     EF04       64         0
                text15                             ECF0     ECF0       24         0
                text14                             ED4A     ED4A       40         0
                text13                             ED8A     ED8A       40         0
                text12                             EC96     EC96       1A         0
                text11                             EE10     EE10       48         0
                text10                             EE58     EE58       56         0
                text9                              ED14     ED14       36         0
                text8                              EEAE     EEAE       56         0
                text7                              EDCA     EDCA       46         0
                text6                              EC40     EC40       10         0
                text5                              EC28     EC28        A         0
                text4                              F44E     F44E      1F2         0
                text3                              EC50     EC50       14         0
                text2                              EC32     EC32        E         0
                text1                              EF68     EF68       94         0
                text0                              F148     F148      17E         0
                cinit                              EC20     EC20        8         0

        CLASS   CONST          

        CLASS   SMALLCONST     

        CLASS   MEDIUMCONST    
                mediumconst                        FE48     FE48      1B4         0

        CLASS   COMRAM         
                cstackCOMRAM                          1        1       51         1
                bssCOMRAM                            52       52        1         1

        CLASS   ABS1           

        CLASS   BIGRAM         

        CLASS   RAM            

        CLASS   BANK0          

        CLASS   BANK1          

        CLASS   BANK2          

        CLASS   BANK3          

        CLASS   BANK4          

        CLASS   BANK5          

        CLASS   BANK6          

        CLASS   BANK7          

        CLASS   BANK8          

        CLASS   BANK9          

        CLASS   BANK10         

        CLASS   BANK11         

        CLASS   BANK12         

        CLASS   BANK13         

        CLASS   BANK14         

        CLASS   BANK15         

        CLASS   SFR            

        CLASS   FARRAM         

        CLASS   CONFIG         
                config                           300000   300000        A         0

        CLASS   IDLOC          
                idloc                            200000   200000       10         0

        CLASS   EEDATA         



SEGMENTS        Name                           Load    Length   Top    Selector   Space  Class

                reset_vec                      000000  000004  000004         0       0  CODE    
                cstackCOMRAM                   000001  000052  000053         1       1  COMRAM  
                cinit                          00EC20  000008  00EC28      7610       0  CODE    
                text5                          00EC28  00000A  00EC32      7614       0  CODE    
                text2                          00EC32  00000E  00EC40      7619       0  CODE    
                text6                          00EC40  000010  00EC50      7620       0  CODE    
                text3                          00EC50  000014  00EC64      7628       0  CODE    
                text17                         00EC64  000018  00EC7C      7632       0  CODE    
                text24                         00EC7C  00001A  00EC96      763E       0  CODE    
                text12                         00EC96  00001A  00ECB0      764B       0  CODE    
                text25                         00ECB0  00001E  00ECCE      7658       0  CODE    
                text26                         00ECCE  000022  00ECF0      7667       0  CODE    
                text15                         00ECF0  000024  00ED14      7678       0  CODE    
                text9                          00ED14  000036  00ED4A      768A       0  CODE    
                text14                         00ED4A  000040  00ED8A      76A5       0  CODE    
                text13                         00ED8A  000040  00EDCA      76C5       0  CODE    
                text7                          00EDCA  000046  00EE10      76E5       0  CODE    
                text11                         00EE10  000048  00EE58      7708       0  CODE    
                text10                         00EE58  000056  00EEAE      772C       0  CODE    
                text8                          00EEAE  000056  00EF04      7757       0  CODE    
                text16                         00EF04  000064  00EF68      7782       0  CODE    
                text1                          00EF68  000094  00EFFC      77B4       0  CODE    
                text22                         00EFFC  00009C  00F098      77FE       0  CODE    
                text18                         00F098  0000B0  00F148      784C       0  CODE    
                text0                          00F148  00017E  00F2C6      78A4       0  CODE    
                text23                         00F2C6  000188  00F44E      7963       0  CODE    
                text4                          00F44E  0001F2  00F640      7A27       0  CODE    
                text20                         00F640  000240  00F880      7B20       0  CODE    
                text21                         00F880  00028E  00FB0E      7C40       0  CODE    
                text19                         00FB0E  00033A  00FE48      7D87       0  CODE    
                mediumconst                    00FE48  0001B4  00FFFC      7F24       0  MEDIUMCO
                init                           00FFFC  000004  010000      7FFE       0  CODE    
                idloc                          200000  000010  200010    200000       0  IDLOC   
                config                         300000  00000A  30000A    300000       0  CONFIG  


UNUSED ADDRESS RANGES

        Name                Unused          Largest block    Delta
        BANK0            000060-0000FF               A0
        BANK1            000100-0001FF              100
        BANK10           000A00-000AFF              100
        BANK11           000B00-000BFF              100
        BANK12           000C00-000CFF              100
        BANK13           000D00-000DFF              100
        BANK14           000E00-000EFF              100
        BANK15           000F00-000FFF              100
        BANK2            000200-0002FF              100
        BANK3            000300-0003FF              100
        BANK4            000400-0004FF              100
        BANK5            000500-0005FF              100
        BANK6            000600-0006FF              100
        BANK7            000700-0007FF              100
        BANK8            000800-0008FF              100
        BANK9            000900-0009FF              100
        BIGRAM           000053-000FFF              FAD
        CODE             000004-00EC1F             EC1C
        COMRAM           000053-00005F                D
        CONST            000004-00EC1F             EC1C
        EEDATA           310000-3103FF              400
        MEDIUMCONST      001000-00EC1F             DC20
        RAM              000060-000FFF              100
        SFR              003700-003FFF              100
        SMALLCONST       001000-00EC1F              100
        STACK            000060-000FFF              FA0

                                  Symbol Table

?___lwdiv                                          cstackCOMRAM 000001
?___lwmod                                          cstackCOMRAM 000008
?_convertReg2ExtendedCANid                         cstackCOMRAM 000001
?_convertReg2StandardCANid                         cstackCOMRAM 000001
?_printf                                           cstackCOMRAM 00000D
CAN_receive@returnValue                            cstackCOMRAM 000016
CAN_receive@tempCanMsg                             cstackCOMRAM 000014
CAN_transmit@returnValue                           cstackCOMRAM 000015
CAN_transmit@tempCanMsg                            cstackCOMRAM 000013
CAN_transmit@tempEIDH                              cstackCOMRAM 000016
CAN_transmit@tempEIDL                              cstackCOMRAM 000017
CAN_transmit@tempSIDH                              cstackCOMRAM 000018
CAN_transmit@tempSIDL                              cstackCOMRAM 000019
UART2_Write@txData                                 cstackCOMRAM 000001
_ANSELA                                            (abs)        003A40
_ANSELB                                            (abs)        003A50
_ANSELC                                            (abs)        003A60
_APP_Initialize                                    text24       00EC7C
_BRGCON1                                           (abs)        003703
_BRGCON2                                           (abs)        003704
_BRGCON3                                           (abs)        003705
_CANCON                                            (abs)        003F8F
_CANRXPPS                                          (abs)        003AED
_CANSTAT                                           (abs)        003F8E
_CAN_receive                                       text21       00F880
_CAN_transmit                                      text19       00FB0E
_CIOCON                                            (abs)        003700
_COMSTATbits                                       (abs)        003F90
_ECANCON                                           (abs)        003F91
_ECAN_Initialize                                   text18       00F098
_LATA                                              (abs)        003FBA
_LATAbits                                          (abs)        003FBA
_LATB                                              (abs)        003FBB
_LATC                                              (abs)        003FBC
_ODCONA                                            (abs)        003A42
_ODCONB                                            (abs)        003A52
_ODCONC                                            (abs)        003A62
_OSCCON1                                           (abs)        0039D9
_OSCCON3                                           (abs)        0039DB
_OSCEN                                             (abs)        0039DD
_OSCFRQ                                            (abs)        0039DF
_OSCILLATOR_Initialize                             text17       00EC64
_OSCTUNE                                           (abs)        0039DE
_PIE5bits                                          (abs)        003995
_PIN_MANAGER_Initialize                            text16       00EF04
_PIR3bits                                          (abs)        0039A3
_PIR5bits                                          (abs)        0039A5
_PIR7bits                                          (abs)        0039A7
_PMD0                                              (abs)        0039C0
_PMD1                                              (abs)        0039C1
_PMD2                                              (abs)        0039C2
_PMD3                                              (abs)        0039C3
_PMD4                                              (abs)        0039C4
_PMD5                                              (abs)        0039C5
_PMD6                                              (abs)        0039C6
_PMD7                                              (abs)        0039C7
_PMD_Initialize                                    text15       00ECF0
_PORTAbits                                         (abs)        003FCA
_RB0PPS                                            (abs)        003A08
_RB4PPS                                            (abs)        003A0C
_RC6PPS                                            (abs)        003A16
_RXB0CONbits                                       (abs)        003F80
_RXB0D0                                            (abs)        003F86
_RXB0D1                                            (abs)        003F87
_RXB0D2                                            (abs)        003F88
_RXB0D3                                            (abs)        003F89
_RXB0D4                                            (abs)        003F8A
_RXB0D5                                            (abs)        003F8B
_RXB0D6                                            (abs)        003F8C
_RXB0D7                                            (abs)        003F8D
_RXB0DLC                                           (abs)        003F85
_RXB0EIDH                                          (abs)        003F83
_RXB0EIDL                                          (abs)        003F84
_RXB0SIDH                                          (abs)        003F81
_RXB0SIDL                                          (abs)        003F82
_RXB1CONbits                                       (abs)        0037F0
_RXB1D0                                            (abs)        0037F6
_RXB1D1                                            (abs)        0037F7
_RXB1D2                                            (abs)        0037F8
_RXB1D3                                            (abs)        0037F9
_RXB1D4                                            (abs)        0037FA
_RXB1D5                                            (abs)        0037FB
_RXB1D6                                            (abs)        0037FC
_RXB1D7                                            (abs)        0037FD
_RXB1DLC                                           (abs)        0037F5
_RXB1EIDH                                          (abs)        0037F3
_RXB1EIDL                                          (abs)        0037F4
_RXB1SIDH                                          (abs)        0037F1
_RXB1SIDL                                          (abs)        0037F2
_RXF0EIDH                                          (abs)        0037A2
_RXF0EIDL                                          (abs)        0037A3
_RXF0SIDH                                          (abs)        0037A0
_RXF0SIDL                                          (abs)        0037A1
_RXF1EIDH                                          (abs)        0037A6
_RXF1EIDL                                          (abs)        0037A7
_RXF1SIDH                                          (abs)        0037A4
_RXF1SIDL                                          (abs)        0037A5
_RXF2EIDH                                          (abs)        0037AA
_RXF2EIDL                                          (abs)        0037AB
_RXF2SIDH                                          (abs)        0037A8
_RXF2SIDL                                          (abs)        0037A9
_RXF3EIDH                                          (abs)        0037AE
_RXF3EIDL                                          (abs)        0037AF
_RXF3SIDH                                          (abs)        0037AC
_RXF3SIDL                                          (abs)        0037AD
_RXF4EIDH                                          (abs)        0037B2
_RXF4EIDL                                          (abs)        0037B3
_RXF4SIDH                                          (abs)        0037B0
_RXF4SIDL                                          (abs)        0037B1
_RXF5EIDH                                          (abs)        0037B6
_RXF5EIDL                                          (abs)        0037B7
_RXF5SIDH                                          (abs)        0037B4
_RXF5SIDL                                          (abs)        0037B5
_RXM0EIDH                                          (abs)        0037BA
_RXM0EIDL                                          (abs)        0037BB
_RXM0SIDH                                          (abs)        0037B8
_RXM0SIDL                                          (abs)        0037B9
_RXM1EIDH                                          (abs)        0037BE
_RXM1EIDL                                          (abs)        0037BF
_RXM1SIDH                                          (abs)        0037BC
_RXM1SIDL                                          (abs)        0037BD
_SLRCONA                                           (abs)        003A43
_SLRCONB                                           (abs)        003A53
_SLRCONC                                           (abs)        003A63
_SYSTEM_Initialize                                 text12       00EC96
_TRISA                                             (abs)        003FC2
_TRISAbits                                         (abs)        003FC2
_TRISB                                             (abs)        003FC3
_TRISC                                             (abs)        003FC4
_TXB0CONbits                                       (abs)        0037E0
_TXB0D0                                            (abs)        0037E6
_TXB0D1                                            (abs)        0037E7
_TXB0D2                                            (abs)        0037E8
_TXB0D3                                            (abs)        0037E9
_TXB0D4                                            (abs)        0037EA
_TXB0D5                                            (abs)        0037EB
_TXB0D6                                            (abs)        0037EC
_TXB0D7                                            (abs)        0037ED
_TXB0DLC                                           (abs)        0037E5
_TXB0EIDH                                          (abs)        0037E3
_TXB0EIDL                                          (abs)        0037E4
_TXB0SIDH                                          (abs)        0037E1
_TXB0SIDL                                          (abs)        0037E2
_TXB1CONbits                                       (abs)        0037D0
_TXB1D0                                            (abs)        0037D6
_TXB1D1                                            (abs)        0037D7
_TXB1D2                                            (abs)        0037D8
_TXB1D3                                            (abs)        0037D9
_TXB1D4                                            (abs)        0037DA
_TXB1D5                                            (abs)        0037DB
_TXB1D6                                            (abs)        0037DC
_TXB1D7                                            (abs)        0037DD
_TXB1DLC                                           (abs)        0037D5
_TXB1EIDH                                          (abs)        0037D3
_TXB1EIDL                                          (abs)        0037D4
_TXB1SIDH                                          (abs)        0037D1
_TXB1SIDL                                          (abs)        0037D2
_TXB2CONbits                                       (abs)        0037C0
_TXB2D0                                            (abs)        0037C6
_TXB2D1                                            (abs)        0037C7
_TXB2D2                                            (abs)        0037C8
_TXB2D3                                            (abs)        0037C9
_TXB2D4                                            (abs)        0037CA
_TXB2D5                                            (abs)        0037CB
_TXB2D6                                            (abs)        0037CC
_TXB2D7                                            (abs)        0037CD
_TXB2DLC                                           (abs)        0037C5
_TXB2EIDH                                          (abs)        0037C3
_TXB2EIDL                                          (abs)        0037C4
_TXB2SIDH                                          (abs)        0037C1
_TXB2SIDL                                          (abs)        0037C2
_U1BRGH                                            (abs)        003DF6
_U1BRGL                                            (abs)        003DF5
_U1CON0                                            (abs)        003DF2
_U1CON0bits                                        (abs)        003DF2
_U1CON1                                            (abs)        003DF3
_U1CON1bits                                        (abs)        003DF3
_U1CON2                                            (abs)        003DF4
_U1ERRIE                                           (abs)        003DFA
_U1ERRIR                                           (abs)        003DF9
_U1ERRIRbits                                       (abs)        003DF9
_U1FIFO                                            (abs)        003DF7
_U1P1H                                             (abs)        003DED
_U1P1L                                             (abs)        003DEC
_U1P2H                                             (abs)        003DEF
_U1P2L                                             (abs)        003DEE
_U1P3H                                             (abs)        003DF1
_U1P3L                                             (abs)        003DF0
_U1RXB                                             (abs)        003DE8
_U1RXPPS                                           (abs)        003AE7
_U1TXB                                             (abs)        003DEA
_U1UIR                                             (abs)        003DF8
_U2BRGH                                            (abs)        003DDE
_U2BRGL                                            (abs)        003DDD
_U2CON0                                            (abs)        003DDA
_U2CON0bits                                        (abs)        003DDA
_U2CON1                                            (abs)        003DDB
_U2CON1bits                                        (abs)        003DDB
_U2CON2                                            (abs)        003DDC
_U2ERRIE                                           (abs)        003DE2
_U2ERRIR                                           (abs)        003DE1
_U2ERRIRbits                                       (abs)        003DE1
_U2FIFO                                            (abs)        003DDF
_U2P1H                                             (abs)        003DD5
_U2P1L                                             (abs)        003DD4
_U2P2H                                             (abs)        003DD7
_U2P2L                                             (abs)        003DD6
_U2P3H                                             (abs)        003DD9
_U2P3L                                             (abs)        003DD8
_U2RXB                                             (abs)        003DD0
_U2RXPPS                                           (abs)        003AEA
_U2TXB                                             (abs)        003DD2
_U2UIR                                             (abs)        003DE0
_UART1_Initialize                                  text14       00ED4A
_UART2_Initialize                                  text13       00ED8A
_UART2_Read                                        text3        00EC50
_UART2_Write                                       text6        00EC40
_UART2_is_rx_ready                                 text2        00EC32
_WPUA                                              (abs)        003A41
_WPUAbits                                          (abs)        003A41
_WPUB                                              (abs)        003A51
_WPUC                                              (abs)        003A61
_WPUE                                              (abs)        003A81
__CFG_BBEN$OFF                                     (abs)        000000
__CFG_BBSIZE$BBSIZE_512                            (abs)        000000
__CFG_BOREN$SBORDIS                                (abs)        000000
__CFG_BORV$VBOR_2P45                               (abs)        000000
__CFG_CLKOUTEN$OFF                                 (abs)        000000
__CFG_CP$OFF                                       (abs)        000000
__CFG_CSWEN$ON                                     (abs)        000000
__CFG_DEBUG$OFF                                    (abs)        000000
__CFG_FCMEN$ON                                     (abs)        000000
__CFG_FEXTOSC$OFF                                  (abs)        000000
__CFG_IVT1WAY$ON                                   (abs)        000000
__CFG_LPBOREN$OFF                                  (abs)        000000
__CFG_LVP$ON                                       (abs)        000000
__CFG_MCLRE$EXTMCLR                                (abs)        000000
__CFG_MVECEN$OFF                                   (abs)        000000
__CFG_PPS1WAY$ON                                   (abs)        000000
__CFG_PR1WAY$ON                                    (abs)        000000
__CFG_PWRTS$PWRT_OFF                               (abs)        000000
__CFG_RSTOSC$HFINTOSC_64MHZ                        (abs)        000000
__CFG_SAFEN$OFF                                    (abs)        000000
__CFG_STVREN$ON                                    (abs)        000000
__CFG_WDTCCS$SC                                    (abs)        000000
__CFG_WDTCPS$WDTCPS_31                             (abs)        000000
__CFG_WDTCWS$WDTCWS_7                              (abs)        000000
__CFG_WDTE$OFF                                     (abs)        000000
__CFG_WRTAPP$OFF                                   (abs)        000000
__CFG_WRTB$OFF                                     (abs)        000000
__CFG_WRTC$OFF                                     (abs)        000000
__CFG_WRTD$OFF                                     (abs)        000000
__CFG_WRTSAF$OFF                                   (abs)        000000
__CFG_XINST$OFF                                    (abs)        000000
__CFG_ZCD$OFF                                      (abs)        000000
__HRAM                                             (abs)        000000
__Habs1                                            abs1         000000
__Hbank0                                           bank0        000000
__Hbank1                                           bank1        000000
__Hbank10                                          bank10       000000
__Hbank11                                          bank11       000000
__Hbank12                                          bank12       000000
__Hbank13                                          bank13       000000
__Hbank14                                          bank14       000000
__Hbank15                                          bank15       000000
__Hbank2                                           bank2        000000
__Hbank3                                           bank3        000000
__Hbank4                                           bank4        000000
__Hbank5                                           bank5        000000
__Hbank6                                           bank6        000000
__Hbank7                                           bank7        000000
__Hbank8                                           bank8        000000
__Hbank9                                           bank9        000000
__Hbigbss                                          bigbss       000000
__Hbigdata                                         bigdata      000000
__Hbigram                                          bigram       000000
__Hbss                                             bss          000000
__HbssCOMRAM                                       bssCOMRAM    000000
__Hcinit                                           cinit        000000
__Hclrtext                                         clrtext      000000
__Hcomram                                          comram       000000
__Hconfig                                          config       30000A
__Hconst                                           const        000000
__HcstackCOMRAM                                    cstackCOMRAM 000000
__Hdata                                            data         000000
__Heeprom_data                                     eeprom_data  000000
__Hfarbss                                          farbss       000000
__Hfardata                                         fardata      000000
__Hibigdata                                        ibigdata     000000
__Hidata                                           idata        000000
__Hidloc                                           idloc        200010
__Hifardata                                        ifardata     000000
__Hinit                                            init         010000
__Hintsave_regs                                    intsave_regs 000000
__Hirdata                                          irdata       000000
__Hmediumconst                                     mediumconst  00FFFC
__HnvFARRAM                                        nvFARRAM     000000
__Hnvbit                                           nvbit        000000
__Hnvrram                                          nvrram       000000
__Hparam                                           rparam       000000
__Hpowerup                                         powerup      000000
__Hram                                             ram          000000
__Hramtop                                          ramtop       001000
__Hrbit                                            rbit         000000
__Hrbss                                            rbss         000000
__Hrdata                                           rdata        000000
__Hreset_vec                                       reset_vec    000004
__Hrparam                                          rparam       000000
__Hsfr                                             sfr          000000
__Hsmallconst                                      smallconst   000000
__Hspace_0                                         (abs)        30000A
__Hspace_1                                         (abs)        000053
__Hspace_2                                         (abs)        000000
__Hstack                                           stack        000000
__Hstruct                                          struct       000000
__Htemp                                            temp         000000
__Htext                                            text         000000
__Htext0                                           text0        000000
__Htext1                                           text1        000000
__Htext10                                          text10       000000
__Htext11                                          text11       000000
__Htext12                                          text12       000000
__Htext13                                          text13       000000
__Htext14                                          text14       000000
__Htext15                                          text15       000000
__Htext16                                          text16       000000
__Htext17                                          text17       000000
__Htext18                                          text18       000000
__Htext19                                          text19       000000
__Htext2                                           text2        000000
__Htext20                                          text20       000000
__Htext21                                          text21       000000
__Htext22                                          text22       000000
__Htext23                                          text23       000000
__Htext24                                          text24       000000
__Htext25                                          text25       000000
__Htext26                                          text26       000000
__Htext3                                           text3        000000
__Htext4                                           text4        000000
__Htext5                                           text5        000000
__Htext6                                           text6        000000
__Htext7                                           text7        000000
__Htext8                                           text8        000000
__Htext9                                           text9        000000
__LRAM                                             (abs)        000001
__Labs1                                            abs1         000000
__Lbank0                                           bank0        000000
__Lbank1                                           bank1        000000
__Lbank10                                          bank10       000000
__Lbank11                                          bank11       000000
__Lbank12                                          bank12       000000
__Lbank13                                          bank13       000000
__Lbank14                                          bank14       000000
__Lbank15                                          bank15       000000
__Lbank2                                           bank2        000000
__Lbank3                                           bank3        000000
__Lbank4                                           bank4        000000
__Lbank5                                           bank5        000000
__Lbank6                                           bank6        000000
__Lbank7                                           bank7        000000
__Lbank8                                           bank8        000000
__Lbank9                                           bank9        000000
__Lbigbss                                          bigbss       000000
__Lbigdata                                         bigdata      000000
__Lbigram                                          bigram       000000
__Lbss                                             bss          000000
__LbssCOMRAM                                       bssCOMRAM    000000
__Lcinit                                           cinit        000000
__Lclrtext                                         clrtext      000000
__Lcomram                                          comram       000000
__Lconfig                                          config       300000
__Lconst                                           const        000000
__LcstackCOMRAM                                    cstackCOMRAM 000000
__Ldata                                            data         000000
__Leeprom_data                                     eeprom_data  000000
__Lfarbss                                          farbss       000000
__Lfardata                                         fardata      000000
__Libigdata                                        ibigdata     000000
__Lidata                                           idata        000000
__Lidloc                                           idloc        200000
__Lifardata                                        ifardata     000000
__Linit                                            init         00FFFC
__Lintsave_regs                                    intsave_regs 000000
__Lirdata                                          irdata       000000
__Lmediumconst                                     mediumconst  00FE48
__LnvFARRAM                                        nvFARRAM     000000
__Lnvbit                                           nvbit        000000
__Lnvrram                                          nvrram       000000
__Lparam                                           rparam       000000
__Lpowerup                                         powerup      000000
__Lram                                             ram          000000
__Lramtop                                          ramtop       001000
__Lrbit                                            rbit         000000
__Lrbss                                            rbss         000000
__Lrdata                                           rdata        000000
__Lreset_vec                                       reset_vec    000000
__Lrparam                                          rparam       000000
__Lsfr                                             sfr          000000
__Lsmallconst                                      smallconst   000000
__Lspace_0                                         (abs)        000000
__Lspace_1                                         (abs)        000000
__Lspace_2                                         (abs)        000000
__Lstack                                           stack        000000
__Lstruct                                          struct       000000
__Ltemp                                            temp         000000
__Ltext                                            text         000000
__Ltext0                                           text0        000000
__Ltext1                                           text1        000000
__Ltext10                                          text10       000000
__Ltext11                                          text11       000000
__Ltext12                                          text12       000000
__Ltext13                                          text13       000000
__Ltext14                                          text14       000000
__Ltext15                                          text15       000000
__Ltext16                                          text16       000000
__Ltext17                                          text17       000000
__Ltext18                                          text18       000000
__Ltext19                                          text19       000000
__Ltext2                                           text2        000000
__Ltext20                                          text20       000000
__Ltext21                                          text21       000000
__Ltext22                                          text22       000000
__Ltext23                                          text23       000000
__Ltext24                                          text24       000000
__Ltext25                                          text25       000000
__Ltext26                                          text26       000000
__Ltext3                                           text3        000000
__Ltext4                                           text4        000000
__Ltext5                                           text5        000000
__Ltext6                                           text6        000000
__Ltext7                                           text7        000000
__Ltext8                                           text8        000000
__Ltext9                                           text9        000000
__S0                                               (abs)        30000A
__S1                                               (abs)        000053
__S2                                               (abs)        000000
___inthi_sp                                        stack        000000
___intlo_sp                                        stack        000000
___lwdiv                                           text8        00EEAE
___lwdiv@counter                                   cstackCOMRAM 000007
___lwdiv@dividend                                  cstackCOMRAM 000001
___lwdiv@divisor                                   cstackCOMRAM 000003
___lwdiv@quotient                                  cstackCOMRAM 000005
___lwmod                                           text7        00EDCA
___lwmod@counter                                   cstackCOMRAM 00000C
___lwmod@dividend                                  cstackCOMRAM 000008
___lwmod@divisor                                   cstackCOMRAM 00000A
___param_bank                                      (abs)        000000
___rparam_used                                     (abs)        000001
___sp                                              stack        000000
__accesstop                                        (abs)        000060
__activetblptr                                     (abs)        000003
__end_of_APP_Initialize                            text24       00EC96
__end_of_CAN_receive                               text21       00FB0E
__end_of_CAN_transmit                              text19       00FE48
__end_of_ECAN_Initialize                           text18       00F148
__end_of_OSCILLATOR_Initialize                     text17       00EC7C
__end_of_PIN_MANAGER_Initialize                    text16       00EF68
__end_of_PMD_Initialize                            text15       00ED14
__end_of_SYSTEM_Initialize                         text12       00ECB0
__end_of_UART1_Initialize                          text14       00ED8A
__end_of_UART2_Initialize                          text13       00EDCA
__end_of_UART2_Read                                text3        00EC64
__end_of_UART2_Write                               text6        00EC50
__end_of_UART2_is_rx_ready                         text2        00EC40
__end_of___lwdiv                                   text8        00EF04
__end_of___lwmod                                   text7        00EE10
__end_of__initialization                           cinit        00EC22
__end_of_btn_init                                  text26       00ECF0
__end_of_convertCANid2Reg                          text20       00F880
__end_of_convertReg2ExtendedCANid                  text23       00F44E
__end_of_convertReg2StandardCANid                  text22       00F098
__end_of_dpowers                                   mediumconst  00FE53
__end_of_led_init                                  text25       00ECCE
__end_of_led_toggle                                text11       00EE58
__end_of_main                                      text0        00F2C6
__end_of_memcpy                                    text10       00EEAE
__end_of_memset                                    text9        00ED4A
__end_of_printf                                    text4        00F640
__end_of_putch                                     text5        00EC32
__end_of_uart_command_received                     text1        00EFFC
__initialization                                   cinit        00EC20
__mediumconst                                      mediumconst  00FE48
__pbssCOMRAM                                       bssCOMRAM    000052
__pcinit                                           cinit        00EC20
__pcstackCOMRAM                                    cstackCOMRAM 000001
__pmediumconst                                     mediumconst  00FE48
__ptext0                                           text0        00F148
__ptext1                                           text1        00EF68
__ptext10                                          text10       00EE58
__ptext11                                          text11       00EE10
__ptext12                                          text12       00EC96
__ptext13                                          text13       00ED8A
__ptext14                                          text14       00ED4A
__ptext15                                          text15       00ECF0
__ptext16                                          text16       00EF04
__ptext17                                          text17       00EC64
__ptext18                                          text18       00F098
__ptext19                                          text19       00FB0E
__ptext2                                           text2        00EC32
__ptext20                                          text20       00F640
__ptext21                                          text21       00F880
__ptext22                                          text22       00EFFC
__ptext23                                          text23       00F2C6
__ptext24                                          text24       00EC7C
__ptext25                                          text25       00ECB0
__ptext26                                          text26       00ECCE
__ptext3                                           text3        00EC50
__ptext4                                           text4        00F44E
__ptext5                                           text5        00EC28
__ptext6                                           text6        00EC40
__ptext7                                           text7        00EDCA
__ptext8                                           text8        00EEAE
__ptext9                                           text9        00ED14
__ramtop                                           ramtop       001000
__size_of_APP_Initialize                           (abs)        000000
__size_of_CAN_receive                              (abs)        000000
__size_of_CAN_transmit                             (abs)        000000
__size_of_ECAN_Initialize                          (abs)        000000
__size_of_OSCILLATOR_Initialize                    (abs)        000000
__size_of_PIN_MANAGER_Initialize                   (abs)        000000
__size_of_PMD_Initialize                           (abs)        000000
__size_of_SYSTEM_Initialize                        (abs)        000000
__size_of_UART1_Initialize                         (abs)        000000
__size_of_UART2_Initialize                         (abs)        000000
__size_of_UART2_Read                               (abs)        000000
__size_of_UART2_Write                              (abs)        000000
__size_of_UART2_is_rx_ready                        (abs)        000000
__size_of___lwdiv                                  (abs)        000000
__size_of___lwmod                                  (abs)        000000
__size_of_btn_init                                 (abs)        000000
__size_of_convertCANid2Reg                         (abs)        000000
__size_of_convertReg2ExtendedCANid                 (abs)        000000
__size_of_convertReg2StandardCANid                 (abs)        000000
__size_of_led_init                                 (abs)        000000
__size_of_led_toggle                               (abs)        000000
__size_of_main                                     (abs)        000000
__size_of_memcpy                                   (abs)        000000
__size_of_memset                                   (abs)        000000
__size_of_printf                                   (abs)        000000
__size_of_putch                                    (abs)        000000
__size_of_uart_command_received                    (abs)        000000
__smallconst                                       smallconst   000000
_btn_init                                          text26       00ECCE
_convertCANid2Reg                                  text20       00F640
_convertReg2ExtendedCANid                          text23       00F2C6
_convertReg2StandardCANid                          text22       00EFFC
_dpowers                                           mediumconst  00FE49
_led_init                                          text25       00ECB0
_led_toggle                                        text11       00EE10
_main                                              text0        00F148
_memcpy                                            text10       00EE58
_memset                                            text9        00ED14
_printf                                            text4        00F44E
_putch                                             text5        00EC28
_uart_command_received                             text1        00EF68
btn_init@btn_num                                   cstackCOMRAM 000001
convertCANid2Reg@canIdType                         cstackCOMRAM 000005
convertCANid2Reg@passedInEIDH                      cstackCOMRAM 000006
convertCANid2Reg@passedInEIDL                      cstackCOMRAM 000008
convertCANid2Reg@passedInSIDH                      cstackCOMRAM 00000A
convertCANid2Reg@passedInSIDL                      cstackCOMRAM 00000C
convertCANid2Reg@tempPassedInID                    cstackCOMRAM 000001
convertCANid2Reg@wipSIDL                           cstackCOMRAM 000012
convertReg2ExtendedCANid@CAN_standardLo_ID_hi3bits cstackCOMRAM 00000F
convertReg2ExtendedCANid@CAN_standardLo_ID_lo2bits cstackCOMRAM 00000E
convertReg2ExtendedCANid@ConvertedID               cstackCOMRAM 000010
convertReg2ExtendedCANid@returnValue               cstackCOMRAM 00000A
convertReg2ExtendedCANid@tempRXBn_EIDH             cstackCOMRAM 000009
convertReg2ExtendedCANid@tempRXBn_EIDL             cstackCOMRAM 000001
convertReg2ExtendedCANid@tempRXBn_SIDH             cstackCOMRAM 000002
convertReg2ExtendedCANid@tempRXBn_SIDL             cstackCOMRAM 000003
convertReg2StandardCANid@ConvertedID               cstackCOMRAM 00000C
convertReg2StandardCANid@returnValue               cstackCOMRAM 000008
convertReg2StandardCANid@tempRXBn_SIDH             cstackCOMRAM 000007
convertReg2StandardCANid@tempRXBn_SIDL             cstackCOMRAM 000001
end_of_initialization                              cinit        00EC22
intlevel0                                          text         000000
intlevel1                                          text         000000
intlevel2                                          text         000000
intlevel3                                          text         000000
led_init@led_num                                   cstackCOMRAM 000001
led_toggle@led_num                                 cstackCOMRAM 000002
main@can_msg_rx                                    cstackCOMRAM 000044
main@can_msg_tx                                    cstackCOMRAM 000036
main@uart_data_rx                                  cstackCOMRAM 000027
memcpy@d                                           cstackCOMRAM 000007
memcpy@d1                                          cstackCOMRAM 000001
memcpy@n                                           cstackCOMRAM 000005
memcpy@s                                           cstackCOMRAM 000009
memcpy@s1                                          cstackCOMRAM 000003
memcpy@tmp                                         cstackCOMRAM 00000B
memset@c                                           cstackCOMRAM 000003
memset@n                                           cstackCOMRAM 000005
memset@p                                           cstackCOMRAM 000007
memset@p1                                          cstackCOMRAM 000001
printf@ap                                          cstackCOMRAM 000020
printf@c                                           cstackCOMRAM 000026
printf@cp                                          cstackCOMRAM 000022
printf@f                                           cstackCOMRAM 00000D
printf@flag                                        cstackCOMRAM 00001E
printf@prec                                        cstackCOMRAM 00001F
printf@val                                         cstackCOMRAM 000024
putch@txData                                       cstackCOMRAM 000002
stackhi                                            (abs)        000FFF
stacklo                                            (abs)        000060
start                                              init         00FFFC
start_initialization                               cinit        00EC20
uart_command_received@command_read                 cstackCOMRAM 000001
uart_command_received@i                            cstackCOMRAM 000004
uart_command_received@uart_char                    cstackCOMRAM 000003
uart_command_received@uart_read_byte               bssCOMRAM    000052


FUNCTION INFORMATION:

 *************** function _main *****************
 Defined at:
		line 35 in file "main.c"
 Parameters:    Size  Location     Type
		None
 Auto vars:     Size  Location     Type
  uart_data_rx   15   38[COMRAM] unsigned char [15]
  can_msg_rx     14   67[COMRAM] struct .
  can_msg_tx     14   53[COMRAM] struct .
 Return value:  Size  Location     Type
                  1    wreg      void 
 Registers used:
		wreg, fsr1l, fsr1h, fsr2l, fsr2h, status,2, status,0, tblptrl, tblptrh, tblptru, prodl, prodh, cstack
 Tracked objects:
		On entry : 
		On exit  : 
		Unchanged: 
 Data sizes:     COMRAM   BANK0   BANK1   BANK2   BANK3   BANK4   BANK5   BANK6   BANK7   BANK8   BANK9  BANK10  BANK11  BANK12  BANK13  BANK14  BANK15
      Params:         0       0       0       0       0       0       0       0       0       0       0       0       0       0       0       0       0
      Locals:        43       0       0       0       0       0       0       0       0       0       0       0       0       0       0       0       0
      Temps:          0       0       0       0       0       0       0       0       0       0       0       0       0       0       0       0       0
      Totals:        43       0       0       0       0       0       0       0       0       0       0       0       0       0       0       0       0
Total ram usage:       43 bytes
 Hardware stack levels required when called:    3
 This function calls:
		_APP_Initialize
		_CAN_receive
		_CAN_transmit
		_SYSTEM_Initialize
		_led_toggle
		_memcpy
		_memset
		_printf
		_uart_command_received
 This function is called by:
		Startup code after reset
 This function uses a non-reentrant model


 *************** function _uart_command_received *****************
 Defined at:
		line 130 in file "main.c"
 Parameters:    Size  Location     Type
  command_read    2    0[COMRAM] PTR unsigned char 
		 -> main@uart_data_rx(15), 
 Auto vars:     Size  Location     Type
  i               1    3[COMRAM] unsigned char 
  uart_char       1    2[COMRAM] unsigned char 
 Return value:  Size  Location     Type
                  1    wreg      unsigned char 
 Registers used:
		wreg, fsr2l, fsr2h, status,2, status,0, prodl, prodh, cstack
 Tracked objects:
		On entry : 
		On exit  : 
		Unchanged: 
 Data sizes:     COMRAM   BANK0   BANK1   BANK2   BANK3   BANK4   BANK5   BANK6   BANK7   BANK8   BANK9  BANK10  BANK11  BANK12  BANK13  BANK14  BANK15
      Params:         2       0       0       0       0       0       0       0       0       0       0       0       0       0       0       0       0
      Locals:         2       0       0       0       0       0       0       0       0       0       0       0       0       0       0       0       0
      Temps:          0       0       0       0       0       0       0       0       0       0       0       0       0       0       0       0       0
      Totals:         4       0       0       0       0       0       0       0       0       0       0       0       0       0       0       0       0
Total ram usage:        4 bytes
 Hardware stack levels used:    1
 Hardware stack levels required when called:    1
 This function calls:
		_UART2_Read
		_UART2_is_rx_ready
 This function is called by:
		_main
 This function uses a non-reentrant model


 *************** function _UART2_is_rx_ready *****************
 Defined at:
		line 112 in file "mcc_generated_files/uart2.c"
 Parameters:    Size  Location     Type
		None
 Auto vars:     Size  Location     Type
		None
 Return value:  Size  Location     Type
                  1    wreg      unsigned char 
 Registers used:
		wreg
 Tracked objects:
		On entry : 
		On exit  : 
		Unchanged: 
 Data sizes:     COMRAM   BANK0   BANK1   BANK2   BANK3   BANK4   BANK5   BANK6   BANK7   BANK8   BANK9  BANK10  BANK11  BANK12  BANK13  BANK14  BANK15
      Params:         0       0       0       0       0       0       0       0       0       0       0       0       0       0       0       0       0
      Locals:         0       0       0       0       0       0       0       0       0       0       0       0       0       0       0       0       0
      Temps:          0       0       0       0       0       0       0       0       0       0       0       0       0       0       0       0       0
      Totals:         0       0       0       0       0       0       0       0       0       0       0       0       0       0       0       0       0
Total ram usage:        0 bytes
 Hardware stack levels used:    1
 This function calls:
		Nothing
 This function is called by:
		_uart_command_received
 This function uses a non-reentrant model


 *************** function _UART2_Read *****************
 Defined at:
		line 127 in file "mcc_generated_files/uart2.c"
 Parameters:    Size  Location     Type
		None
 Auto vars:     Size  Location     Type
		None
 Return value:  Size  Location     Type
                  1    wreg      unsigned char 
 Registers used:
		wreg, status,2
 Tracked objects:
		On entry : 
		On exit  : 
		Unchanged: 
 Data sizes:     COMRAM   BANK0   BANK1   BANK2   BANK3   BANK4   BANK5   BANK6   BANK7   BANK8   BANK9  BANK10  BANK11  BANK12  BANK13  BANK14  BANK15
      Params:         0       0       0       0       0       0       0       0       0       0       0       0       0       0       0       0       0
      Locals:         0       0       0       0       0       0       0       0       0       0       0       0       0       0       0       0       0
      Temps:          0       0       0       0       0       0       0       0       0       0       0       0       0       0       0       0       0
      Totals:         0       0       0       0       0       0       0       0       0       0       0       0       0       0       0       0       0
Total ram usage:        0 bytes
 Hardware stack levels used:    1
 This function calls:
		Nothing
 This function is called by:
		_uart_command_received
		_getch
 This function uses a non-reentrant model


 *************** function _printf *****************
 Defined at:
		line 464 in file "C:\Program Files (x86)\Microchip\xc8\v1.44\sources\common\doprnt.c"
 Parameters:    Size  Location     Type
  f               2   12[COMRAM] PTR const unsigned char 
		 -> STR_13(32), STR_12(32), STR_11(31), STR_10(32), 
		 -> STR_9(34), STR_8(24), STR_7(48), STR_6(32), 
		 -> STR_5(26), STR_4(84), STR_3(20), STR_2(19), 
		 -> STR_1(3), 
 Auto vars:     Size  Location     Type
  tmpval          4    0        struct .
  val             2   35[COMRAM] unsigned int 
  cp              2   33[COMRAM] PTR const unsigned char 
		 -> STR_14(7), main@uart_data_rx(15), 
  ap              2   31[COMRAM] PTR void [1]
		 -> ?_printf(2), 
  len             2    0        unsigned int 
  c               1   37[COMRAM] char 
  prec            1   30[COMRAM] char 
  flag            1   29[COMRAM] unsigned char 
 Return value:  Size  Location     Type
                  2   12[COMRAM] int 
 Registers used:
		wreg, fsr1l, fsr1h, fsr2l, fsr2h, status,2, status,0, tblptrl, tblptrh, tblptru, prodl, prodh, cstack
 Tracked objects:
		On entry : 
		On exit  : 
		Unchanged: 
 Data sizes:     COMRAM   BANK0   BANK1   BANK2   BANK3   BANK4   BANK5   BANK6   BANK7   BANK8   BANK9  BANK10  BANK11  BANK12  BANK13  BANK14  BANK15
      Params:        16       0       0       0       0       0       0       0       0       0       0       0       0       0       0       0       0
      Locals:         9       0       0       0       0       0       0       0       0       0       0       0       0       0       0       0       0
      Temps:          1       0       0       0       0       0       0       0       0       0       0       0       0       0       0       0       0
      Totals:        26       0       0       0       0       0       0       0       0       0       0       0       0       0       0       0       0
Total ram usage:       26 bytes
 Hardware stack levels used:    1
 Hardware stack levels required when called:    2
 This function calls:
		___lwdiv
		___lwmod
		_putch
 This function is called by:
		_main
 This function uses a non-reentrant model


 *************** function _putch *****************
 Defined at:
		line 158 in file "mcc_generated_files/uart2.c"
 Parameters:    Size  Location     Type
  txData          1    wreg     unsigned char 
 Auto vars:     Size  Location     Type
  txData          1    1[COMRAM] unsigned char 
 Return value:  Size  Location     Type
                  1    wreg      void 
 Registers used:
		wreg, status,2, cstack
 Tracked objects:
		On entry : 
		On exit  : 
		Unchanged: 
 Data sizes:     COMRAM   BANK0   BANK1   BANK2   BANK3   BANK4   BANK5   BANK6   BANK7   BANK8   BANK9  BANK10  BANK11  BANK12  BANK13  BANK14  BANK15
      Params:         0       0       0       0       0       0       0       0       0       0       0       0       0       0       0       0       0
      Locals:         1       0       0       0       0       0       0       0       0       0       0       0       0       0       0       0       0
      Temps:          0       0       0       0       0       0       0       0       0       0       0       0       0       0       0       0       0
      Totals:         1       0       0       0       0       0       0       0       0       0       0       0       0       0       0       0       0
Total ram usage:        1 bytes
 Hardware stack levels used:    1
 Hardware stack levels required when called:    1
 This function calls:
		_UART2_Write
 This function is called by:
		_printf
 This function uses a non-reentrant model


 *************** function _UART2_Write *****************
 Defined at:
		line 144 in file "mcc_generated_files/uart2.c"
 Parameters:    Size  Location     Type
  txData          1    wreg     unsigned char 
 Auto vars:     Size  Location     Type
  txData          1    0[COMRAM] unsigned char 
 Return value:  Size  Location     Type
                  1    wreg      void 
 Registers used:
		wreg
 Tracked objects:
		On entry : 
		On exit  : 
		Unchanged: 
 Data sizes:     COMRAM   BANK0   BANK1   BANK2   BANK3   BANK4   BANK5   BANK6   BANK7   BANK8   BANK9  BANK10  BANK11  BANK12  BANK13  BANK14  BANK15
      Params:         0       0       0       0       0       0       0       0       0       0       0       0       0       0       0       0       0
      Locals:         1       0       0       0       0       0       0       0       0       0       0       0       0       0       0       0       0
      Temps:          0       0       0       0       0       0       0       0       0       0       0       0       0       0       0       0       0
      Totals:         1       0       0       0       0       0       0       0       0       0       0       0       0       0       0       0       0
Total ram usage:        1 bytes
 Hardware stack levels used:    1
 This function calls:
		Nothing
 This function is called by:
		_putch
 This function uses a non-reentrant model


 *************** function ___lwmod *****************
 Defined at:
		line 8 in file "C:\Program Files (x86)\Microchip\xc8\v1.44\sources\common\lwmod.c"
 Parameters:    Size  Location     Type
  dividend        2    7[COMRAM] unsigned int 
  divisor         2    9[COMRAM] unsigned int 
 Auto vars:     Size  Location     Type
  counter         1   11[COMRAM] unsigned char 
 Return value:  Size  Location     Type
                  2    7[COMRAM] unsigned int 
 Registers used:
		wreg, status,2, status,0
 Tracked objects:
		On entry : 
		On exit  : 
		Unchanged: 
 Data sizes:     COMRAM   BANK0   BANK1   BANK2   BANK3   BANK4   BANK5   BANK6   BANK7   BANK8   BANK9  BANK10  BANK11  BANK12  BANK13  BANK14  BANK15
      Params:         4       0       0       0       0       0       0       0       0       0       0       0       0       0       0       0       0
      Locals:         1       0       0       0       0       0       0       0       0       0       0       0       0       0       0       0       0
      Temps:          0       0       0       0       0       0       0       0       0       0       0       0       0       0       0       0       0
      Totals:         5       0       0       0       0       0       0       0       0       0       0       0       0       0       0       0       0
Total ram usage:        5 bytes
 Hardware stack levels used:    1
 This function calls:
		Nothing
 This function is called by:
		_printf
 This function uses a non-reentrant model


 *************** function ___lwdiv *****************
 Defined at:
		line 8 in file "C:\Program Files (x86)\Microchip\xc8\v1.44\sources\common\lwdiv.c"
 Parameters:    Size  Location     Type
  dividend        2    0[COMRAM] unsigned int 
  divisor         2    2[COMRAM] unsigned int 
 Auto vars:     Size  Location     Type
  quotient        2    4[COMRAM] unsigned int 
  counter         1    6[COMRAM] unsigned char 
 Return value:  Size  Location     Type
                  2    0[COMRAM] unsigned int 
 Registers used:
		wreg, status,2, status,0
 Tracked objects:
		On entry : 
		On exit  : 
		Unchanged: 
 Data sizes:     COMRAM   BANK0   BANK1   BANK2   BANK3   BANK4   BANK5   BANK6   BANK7   BANK8   BANK9  BANK10  BANK11  BANK12  BANK13  BANK14  BANK15
      Params:         4       0       0       0       0       0       0       0       0       0       0       0       0       0       0       0       0
      Locals:         3       0       0       0       0       0       0       0       0       0       0       0       0       0       0       0       0
      Temps:          0       0       0       0       0       0       0       0       0       0       0       0       0       0       0       0       0
      Totals:         7       0       0       0       0       0       0       0       0       0       0       0       0       0       0       0       0
Total ram usage:        7 bytes
 Hardware stack levels used:    1
 This function calls:
		Nothing
 This function is called by:
		_printf
 This function uses a non-reentrant model


 *************** function _memset *****************
 Defined at:
		line 8 in file "C:\Program Files (x86)\Microchip\xc8\v1.44\sources\common\memset.c"
 Parameters:    Size  Location     Type
  p1              2    0[COMRAM] PTR void 
		 -> main@uart_data_rx(15), 
  c               2    2[COMRAM] int 
  n               2    4[COMRAM] unsigned int 
 Auto vars:     Size  Location     Type
  p               2    6[COMRAM] PTR unsigned char 
		 -> main@uart_data_rx(15), 
 Return value:  Size  Location     Type
                  2    0[COMRAM] PTR void 
 Registers used:
		wreg, fsr2l, fsr2h, status,2, status,0
 Tracked objects:
		On entry : 
		On exit  : 
		Unchanged: 
 Data sizes:     COMRAM   BANK0   BANK1   BANK2   BANK3   BANK4   BANK5   BANK6   BANK7   BANK8   BANK9  BANK10  BANK11  BANK12  BANK13  BANK14  BANK15
      Params:         6       0       0       0       0       0       0       0       0       0       0       0       0       0       0       0       0
      Locals:         2       0       0       0       0       0       0       0       0       0       0       0       0       0       0       0       0
      Temps:          0       0       0       0       0       0       0       0       0       0       0       0       0       0       0       0       0
      Totals:         8       0       0       0       0       0       0       0       0       0       0       0       0       0       0       0       0
Total ram usage:        8 bytes
 Hardware stack levels used:    1
 This function calls:
		Nothing
 This function is called by:
		_main
 This function uses a non-reentrant model


 *************** function _memcpy *****************
 Defined at:
		line 27 in file "C:\Program Files (x86)\Microchip\xc8\v1.44\sources\common\memcpy.c"
 Parameters:    Size  Location     Type
  d1              2    0[COMRAM] PTR void 
		 -> main@can_msg_tx(14), 
  s1              2    2[COMRAM] PTR const void 
		 -> main@uart_data_rx(15), 
  n               2    4[COMRAM] unsigned int 
 Auto vars:     Size  Location     Type
  s               2    8[COMRAM] PTR const unsigned char 
		 -> main@uart_data_rx(15), 
  d               2    6[COMRAM] PTR unsigned char 
		 -> main@can_msg_tx(14), 
  tmp             1   10[COMRAM] unsigned char 
 Return value:  Size  Location     Type
                  2    0[COMRAM] PTR void 
 Registers used:
		wreg, fsr2l, fsr2h, status,2, status,0
 Tracked objects:
		On entry : 
		On exit  : 
		Unchanged: 
 Data sizes:     COMRAM   BANK0   BANK1   BANK2   BANK3   BANK4   BANK5   BANK6   BANK7   BANK8   BANK9  BANK10  BANK11  BANK12  BANK13  BANK14  BANK15
      Params:         6       0       0       0       0       0       0       0       0       0       0       0       0       0       0       0       0
      Locals:         5       0       0       0       0       0       0       0       0       0       0       0       0       0       0       0       0
      Temps:          0       0       0       0       0       0       0       0       0       0       0       0       0       0       0       0       0
      Totals:        11       0       0       0       0       0       0       0       0       0       0       0       0       0       0       0       0
Total ram usage:       11 bytes
 Hardware stack levels used:    1
 This function calls:
		Nothing
 This function is called by:
		_main
 This function uses a non-reentrant model


 *************** function _led_toggle *****************
 Defined at:
		line 206 in file "main.c"
 Parameters:    Size  Location     Type
  led_num         1    wreg     unsigned char 
 Auto vars:     Size  Location     Type
  led_num         1    1[COMRAM] unsigned char 
 Return value:  Size  Location     Type
                  1    wreg      void 
 Registers used:
		wreg, status,2, status,0
 Tracked objects:
		On entry : 
		On exit  : 
		Unchanged: 
 Data sizes:     COMRAM   BANK0   BANK1   BANK2   BANK3   BANK4   BANK5   BANK6   BANK7   BANK8   BANK9  BANK10  BANK11  BANK12  BANK13  BANK14  BANK15
      Params:         0       0       0       0       0       0       0       0       0       0       0       0       0       0       0       0       0
      Locals:         1       0       0       0       0       0       0       0       0       0       0       0       0       0       0       0       0
      Temps:          1       0       0       0       0       0       0       0       0       0       0       0       0       0       0       0       0
      Totals:         2       0       0       0       0       0       0       0       0       0       0       0       0       0       0       0       0
Total ram usage:        2 bytes
 Hardware stack levels used:    1
 This function calls:
		Nothing
 This function is called by:
		_main
 This function uses a non-reentrant model


 *************** function _SYSTEM_Initialize *****************
 Defined at:
		line 50 in file "mcc_generated_files/mcc.c"
 Parameters:    Size  Location     Type
		None
 Auto vars:     Size  Location     Type
		None
 Return value:  Size  Location     Type
                  1    wreg      void 
 Registers used:
		wreg, status,2, status,0, cstack
 Tracked objects:
		On entry : 
		On exit  : 
		Unchanged: 
 Data sizes:     COMRAM   BANK0   BANK1   BANK2   BANK3   BANK4   BANK5   BANK6   BANK7   BANK8   BANK9  BANK10  BANK11  BANK12  BANK13  BANK14  BANK15
      Params:         0       0       0       0       0       0       0       0       0       0       0       0       0       0       0       0       0
      Locals:         0       0       0       0       0       0       0       0       0       0       0       0       0       0       0       0       0
      Temps:          0       0       0       0       0       0       0       0       0       0       0       0       0       0       0       0       0
      Totals:         0       0       0       0       0       0       0       0       0       0       0       0       0       0       0       0       0
Total ram usage:        0 bytes
 Hardware stack levels used:    1
 Hardware stack levels required when called:    1
 This function calls:
		_ECAN_Initialize
		_OSCILLATOR_Initialize
		_PIN_MANAGER_Initialize
		_PMD_Initialize
		_UART1_Initialize
		_UART2_Initialize
 This function is called by:
		_main
 This function uses a non-reentrant model


 *************** function _UART2_Initialize *****************
 Defined at:
		line 58 in file "mcc_generated_files/uart2.c"
 Parameters:    Size  Location     Type
		None
 Auto vars:     Size  Location     Type
		None
 Return value:  Size  Location     Type
                  1    wreg      void 
 Registers used:
		wreg, status,2
 Tracked objects:
		On entry : 
		On exit  : 
		Unchanged: 
 Data sizes:     COMRAM   BANK0   BANK1   BANK2   BANK3   BANK4   BANK5   BANK6   BANK7   BANK8   BANK9  BANK10  BANK11  BANK12  BANK13  BANK14  BANK15
      Params:         0       0       0       0       0       0       0       0       0       0       0       0       0       0       0       0       0
      Locals:         0       0       0       0       0       0       0       0       0       0       0       0       0       0       0       0       0
      Temps:          0       0       0       0       0       0       0       0       0       0       0       0       0       0       0       0       0
      Totals:         0       0       0       0       0       0       0       0       0       0       0       0       0       0       0       0       0
Total ram usage:        0 bytes
 Hardware stack levels used:    1
 This function calls:
		Nothing
 This function is called by:
		_SYSTEM_Initialize
 This function uses a non-reentrant model


 *************** function _UART1_Initialize *****************
 Defined at:
		line 58 in file "mcc_generated_files/uart1.c"
 Parameters:    Size  Location     Type
		None
 Auto vars:     Size  Location     Type
		None
 Return value:  Size  Location     Type
                  1    wreg      void 
 Registers used:
		wreg, status,2
 Tracked objects:
		On entry : 
		On exit  : 
		Unchanged: 
 Data sizes:     COMRAM   BANK0   BANK1   BANK2   BANK3   BANK4   BANK5   BANK6   BANK7   BANK8   BANK9  BANK10  BANK11  BANK12  BANK13  BANK14  BANK15
[...]
      Temps:          0       0       0       0       0       0       0       0       0       0       0       0       0       0       0       0       0
      Totals:         0       0       0       0       0       0       0       0       0       0       0       0       0       0       0       0       0
Total ram usage:        0 bytes
 Hardware stack levels used:    1
 This function calls:
		Nothing
 This function is called by:
		_SYSTEM_Initialize
 This function uses a non-reentrant model


 *************** function _PIN_MANAGER_Initialize *****************
 Defined at:
		line 57 in file "mcc_generated_files/pin_manager.c"
 Parameters:    Size  Location     Type
		None
 Auto vars:     Size  Location     Type
		None
 Return value:  Size  Location     Type
                  1    wreg      void 
 Registers used:
		wreg, status,2
 Tracked objects:
		On entry : 
		On exit  : 
		Unchanged: 
 Data sizes:     COMRAM   BANK0   BANK1   BANK2   BANK3   BANK4   BANK5   BANK6   BANK7   BANK8   BANK9  BANK10  BANK11  BANK12  BANK13  BANK14  BANK15
      Params:         0       0       0       0       0       0       0       0       0       0       0       0       0       0       0       0       0
      Locals:         0       0       0       0       0       0       0       0       0       0       0       0       0       0       0       0       0
      Temps:          0       0       0       0       0       0       0       0       0       0       0       0       0       0       0       0       0
      Totals:         0       0       0       0       0       0       0       0       0       0       0       0       0       0       0       0       0
Total ram usage:        0 bytes
 Hardware stack levels used:    1
 This function calls:
		Nothing
 This function is called by:
		_SYSTEM_Initialize
 This function uses a non-reentrant model


 *************** function _OSCILLATOR_Initialize *****************
 Defined at:
		line 60 in file "mcc_generated_files/mcc.c"
 Parameters:    Size  Location     Type
		None
 Auto vars:     Size  Location     Type
		None
 Return value:  Size  Location     Type
                  1    wreg      void 
 Registers used:
		wreg, status,2
 Tracked objects:
		On entry : 
		On exit  : 
		Unchanged: 
 Data sizes:     COMRAM   BANK0   BANK1   BANK2   BANK3   BANK4   BANK5   BANK6   BANK7   BANK8   BANK9  BANK10  BANK11  BANK12  BANK13  BANK14  BANK15
      Params:         0       0       0       0       0       0       0       0       0       0       0       0       0       0       0       0       0
      Locals:         0       0       0       0       0       0       0       0       0       0       0       0       0       0       0       0       0
      Temps:          0       0       0       0       0       0       0       0       0       0       0       0       0       0       0       0       0
      Totals:         0       0       0       0       0       0       0       0       0       0       0       0       0       0       0       0       0
Total ram usage:        0 bytes
 Hardware stack levels used:    1
 This function calls:
		Nothing
 This function is called by:
		_SYSTEM_Initialize
 This function uses a non-reentrant model


 *************** function _ECAN_Initialize *****************
 Defined at:
		line 61 in file "mcc_generated_files/ecan.c"
 Parameters:    Size  Location     Type
		None
 Auto vars:     Size  Location     Type
		None
 Return value:  Size  Location     Type
                  1    wreg      void 
 Registers used:
		wreg, status,2, status,0
 Tracked objects:
		On entry : 
		On exit  : 
		Unchanged: 
 Data sizes:     COMRAM   BANK0   BANK1   BANK2   BANK3   BANK4   BANK5   BANK6   BANK7   BANK8   BANK9  BANK10  BANK11  BANK12  BANK13  BANK14  BANK15
      Params:         0       0       0       0       0       0       0       0       0       0       0       0       0       0       0       0       0
      Locals:         0       0       0       0       0       0       0       0       0       0       0       0       0       0       0       0       0
      Temps:          1       0       0       0       0       0       0       0       0       0       0       0       0       0       0       0       0
      Totals:         1       0       0       0       0       0       0       0       0       0       0       0       0       0       0       0       0
Total ram usage:        1 bytes
 Hardware stack levels used:    1
 This function calls:
		Nothing
 This function is called by:
		_SYSTEM_Initialize
 This function uses a non-reentrant model


 *************** function _CAN_transmit *****************
 Defined at:
		line 160 in file "mcc_generated_files/ecan.c"
 Parameters:    Size  Location     Type
  tempCanMsg      2   18[COMRAM] PTR struct .
		 -> main@can_msg_tx(14), 
 Auto vars:     Size  Location     Type
  tempSIDL        1   24[COMRAM] unsigned char 
  tempSIDH        1   23[COMRAM] unsigned char 
  tempEIDL        1   22[COMRAM] unsigned char 
  tempEIDH        1   21[COMRAM] unsigned char 
  returnValue     1   20[COMRAM] unsigned char 
 Return value:  Size  Location     Type
                  1    wreg      unsigned char 
 Registers used:
		wreg, fsr2l, fsr2h, status,2, status,0, cstack
 Tracked objects:
		On entry : 
		On exit  : 
		Unchanged: 
 Data sizes:     COMRAM   BANK0   BANK1   BANK2   BANK3   BANK4   BANK5   BANK6   BANK7   BANK8   BANK9  BANK10  BANK11  BANK12  BANK13  BANK14  BANK15
      Params:         2       0       0       0       0       0       0       0       0       0       0       0       0       0       0       0       0
      Locals:         5       0       0       0       0       0       0       0       0       0       0       0       0       0       0       0       0
      Temps:          0       0       0       0       0       0       0       0       0       0       0       0       0       0       0       0       0
      Totals:         7       0       0       0       0       0       0       0       0       0       0       0       0       0       0       0       0
Total ram usage:        7 bytes
 Hardware stack levels used:    1
 Hardware stack levels required when called:    1
 This function calls:
		_convertCANid2Reg
 This function is called by:
		_main
 This function uses a non-reentrant model


 *************** function _convertCANid2Reg *****************
 Defined at:
		line 397 in file "mcc_generated_files/ecan.c"
 Parameters:    Size  Location     Type
  tempPassedIn    4    0[COMRAM] unsigned long 
  canIdType       1    4[COMRAM] unsigned char 
  passedInEIDH    2    5[COMRAM] PTR unsigned char 
		 -> CAN_transmit@tempEIDH(1), 
  passedInEIDL    2    7[COMRAM] PTR unsigned char 
		 -> CAN_transmit@tempEIDL(1), 
  passedInSIDH    2    9[COMRAM] PTR unsigned char 
		 -> CAN_transmit@tempSIDH(1), 
  passedInSIDL    2   11[COMRAM] PTR unsigned char 
		 -> CAN_transmit@tempSIDL(1), 
 Auto vars:     Size  Location     Type
  wipSIDL         1   17[COMRAM] unsigned char 
 Return value:  Size  Location     Type
                  1    wreg      void 
 Registers used:
		wreg, fsr2l, fsr2h, status,2, status,0
 Tracked objects:
		On entry : 
		On exit  : 
		Unchanged: 
 Data sizes:     COMRAM   BANK0   BANK1   BANK2   BANK3   BANK4   BANK5   BANK6   BANK7   BANK8   BANK9  BANK10  BANK11  BANK12  BANK13  BANK14  BANK15
      Params:        13       0       0       0       0       0       0       0       0       0       0       0       0       0       0       0       0
      Locals:         1       0       0       0       0       0       0       0       0       0       0       0       0       0       0       0       0
      Temps:          4       0       0       0       0       0       0       0       0       0       0       0       0       0       0       0       0
      Totals:        18       0       0       0       0       0       0       0       0       0       0       0       0       0       0       0       0
Total ram usage:       18 bytes
 Hardware stack levels used:    1
 This function calls:
		Nothing
 This function is called by:
		_CAN_transmit
 This function uses a non-reentrant model


 *************** function _CAN_receive *****************
 Defined at:
		line 238 in file "mcc_generated_files/ecan.c"
 Parameters:    Size  Location     Type
  tempCanMsg      2   19[COMRAM] PTR struct .
		 -> main@can_msg_rx(14), 
 Auto vars:     Size  Location     Type
  returnValue     1   21[COMRAM] unsigned char 
 Return value:  Size  Location     Type
                  1    wreg      unsigned char 
 Registers used:
		wreg, fsr2l, fsr2h, status,2, status,0, cstack
 Tracked objects:
		On entry : 
		On exit  : 
		Unchanged: 
 Data sizes:     COMRAM   BANK0   BANK1   BANK2   BANK3   BANK4   BANK5   BANK6   BANK7   BANK8   BANK9  BANK10  BANK11  BANK12  BANK13  BANK14  BANK15
      Params:         2       0       0       0       0       0       0       0       0       0       0       0       0       0       0       0       0
      Locals:         1       0       0       0       0       0       0       0       0       0       0       0       0       0       0       0       0
      Temps:          0       0       0       0       0       0       0       0       0       0       0       0       0       0       0       0       0
      Totals:         3       0       0       0       0       0       0       0       0       0       0       0       0       0       0       0       0
Total ram usage:        3 bytes
 Hardware stack levels used:    1
 Hardware stack levels required when called:    1
 This function calls:
		_convertReg2ExtendedCANid
		_convertReg2StandardCANid
 This function is called by:
		_main
 This function uses a non-reentrant model


 *************** function _convertReg2StandardCANid *****************
 Defined at:
		line 384 in file "mcc_generated_files/ecan.c"
 Parameters:    Size  Location     Type
  tempRXBn_SID    1    wreg     unsigned char 
  tempRXBn_SID    1    0[COMRAM] unsigned char 
 Auto vars:     Size  Location     Type
  tempRXBn_SID    1    6[COMRAM] unsigned char 
  ConvertedID     4   11[COMRAM] unsigned long 
  returnValue     4    7[COMRAM] unsigned long 
 Return value:  Size  Location     Type
                  4    0[COMRAM] unsigned long 
 Registers used:
		wreg, status,2, status,0
 Tracked objects:
		On entry : 
		On exit  : 
		Unchanged: 
 Data sizes:     COMRAM   BANK0   BANK1   BANK2   BANK3   BANK4   BANK5   BANK6   BANK7   BANK8   BANK9  BANK10  BANK11  BANK12  BANK13  BANK14  BANK15
      Params:         4       0       0       0       0       0       0       0       0       0       0       0       0       0       0       0       0
      Locals:         9       0       0       0       0       0       0       0       0       0       0       0       0       0       0       0       0
      Temps:          2       0       0       0       0       0       0       0       0       0       0       0       0       0       0       0       0
      Totals:        15       0       0       0       0       0       0       0       0       0       0       0       0       0       0       0       0
Total ram usage:       15 bytes
 Hardware stack levels used:    1
 This function calls:
		Nothing
 This function is called by:
		_CAN_receive
 This function uses a non-reentrant model


 *************** function _convertReg2ExtendedCANid *****************
 Defined at:
		line 363 in file "mcc_generated_files/ecan.c"
 Parameters:    Size  Location     Type
  tempRXBn_EID    1    wreg     unsigned char 
  tempRXBn_EID    1    0[COMRAM] unsigned char 
  tempRXBn_SID    1    1[COMRAM] unsigned char 
  tempRXBn_SID    1    2[COMRAM] unsigned char 
 Auto vars:     Size  Location     Type
  tempRXBn_EID    1    8[COMRAM] unsigned char 
  ConvertedID     4   15[COMRAM] unsigned long 
  returnValue     4    9[COMRAM] unsigned long 
  CAN_standard    1   14[COMRAM] unsigned char 
  CAN_standard    1   13[COMRAM] unsigned char 
 Return value:  Size  Location     Type
                  4    0[COMRAM] unsigned long 
 Registers used:
		wreg, status,2, status,0
 Tracked objects:
		On entry : 
		On exit  : 
		Unchanged: 
 Data sizes:     COMRAM   BANK0   BANK1   BANK2   BANK3   BANK4   BANK5   BANK6   BANK7   BANK8   BANK9  BANK10  BANK11  BANK12  BANK13  BANK14  BANK15
      Params:         4       0       0       0       0       0       0       0       0       0       0       0       0       0       0       0       0
      Locals:        11       0       0       0       0       0       0       0       0       0       0       0       0       0       0       0       0
      Temps:          4       0       0       0       0       0       0       0       0       0       0       0       0       0       0       0       0
      Totals:        19       0       0       0       0       0       0       0       0       0       0       0       0       0       0       0       0
Total ram usage:       19 bytes
 Hardware stack levels used:    1
 This function calls:
		Nothing
 This function is called by:
		_CAN_receive
 This function uses a non-reentrant model


 *************** function _APP_Initialize *****************
 Defined at:
		line 24 in file "main.c"
 Parameters:    Size  Location     Type
		None
 Auto vars:     Size  Location     Type
		None
 Return value:  Size  Location     Type
                  1    wreg      void 
 Registers used:
		wreg, status,2, status,0, cstack
 Tracked objects:
		On entry : 
		On exit  : 
		Unchanged: 
 Data sizes:     COMRAM   BANK0   BANK1   BANK2   BANK3   BANK4   BANK5   BANK6   BANK7   BANK8   BANK9  BANK10  BANK11  BANK12  BANK13  BANK14  BANK15
      Params:         0       0       0       0       0       0       0       0       0       0       0       0       0       0       0       0       0
      Locals:         0       0       0       0       0       0       0       0       0       0       0       0       0       0       0       0       0
      Temps:          0       0       0       0       0       0       0       0       0       0       0       0       0       0       0       0       0
      Totals:         0       0       0       0       0       0       0       0       0       0       0       0       0       0       0       0       0
Total ram usage:        0 bytes
 Hardware stack levels used:    1
 Hardware stack levels required when called:    1
 This function calls:
		_btn_init
		_led_init
 This function is called by:
		_main
 This function uses a non-reentrant model


 *************** function _led_init *****************
 Defined at:
		line 176 in file "main.c"
 Parameters:    Size  Location     Type
  led_num         1    wreg     unsigned char 
 Auto vars:     Size  Location     Type
  led_num         1    0[COMRAM] unsigned char 
 Return value:  Size  Location     Type
                  1    wreg      void 
 Registers used:
		wreg, status,2, status,0
 Tracked objects:
		On entry : 
		On exit  : 
		Unchanged: 
 Data sizes:     COMRAM   BANK0   BANK1   BANK2   BANK3   BANK4   BANK5   BANK6   BANK7   BANK8   BANK9  BANK10  BANK11  BANK12  BANK13  BANK14  BANK15
      Params:         0       0       0       0       0       0       0       0       0       0       0       0       0       0       0       0       0
      Locals:         1       0       0       0       0       0       0       0       0       0       0       0       0       0       0       0       0
      Temps:          0       0       0       0       0       0       0       0       0       0       0       0       0       0       0       0       0
      Totals:         1       0       0       0       0       0       0       0       0       0       0       0       0       0       0       0       0
Total ram usage:        1 bytes
 Hardware stack levels used:    1
 This function calls:
		Nothing
 This function is called by:
		_APP_Initialize
 This function uses a non-reentrant model


 *************** function _btn_init *****************
 Defined at:
		line 214 in file "main.c"
 Parameters:    Size  Location     Type
  btn_num         1    wreg     unsigned char 
 Auto vars:     Size  Location     Type
  btn_num         1    0[COMRAM] unsigned char 
 Return value:  Size  Location     Type
                  1    wreg      void 
 Registers used:
		wreg, status,2, status,0
 Tracked objects:
		On entry : 
		On exit  : 
		Unchanged: 
 Data sizes:     COMRAM   BANK0   BANK1   BANK2   BANK3   BANK4   BANK5   BANK6   BANK7   BANK8   BANK9  BANK10  BANK11  BANK12  BANK13  BANK14  BANK15
      Params:         0       0       0       0       0       0       0       0       0       0       0       0       0       0       0       0       0
      Locals:         1       0       0       0       0       0       0       0       0       0       0       0       0       0       0       0       0
      Temps:          0       0       0       0       0       0       0       0       0       0       0       0       0       0       0       0       0
      Totals:         1       0       0       0       0       0       0       0       0       0       0       0       0       0       0       0       0
Total ram usage:        1 bytes
 Hardware stack levels used:    1
 This function calls:
		Nothing
 This function is called by:
		_APP_Initialize
 This function uses a non-reentrant model



MODULE INFORMATION

Module		Function		Class		Link	Load	Size
C:\Program Files (x86)\Microchip\xc8\v1.44\sources\common\lwmod.c
		___lwmod       		CODE           	EDCA	0000	71

C:\Program Files (x86)\Microchip\xc8\v1.44\sources\common\lwmod.c estimated size: 71

mcc_generated_files/uart2.c
		_UART2_is_rx_ready		CODE           	EC32	0000	15
		_putch         		CODE           	EC28	0000	11
		_UART2_Write   		CODE           	EC40	0000	17
		_UART2_Initialize		CODE           	ED8A	0000	65
		_UART2_Read    		CODE           	EC50	0000	21

mcc_generated_files/uart2.c estimated size: 129

C:\Program Files (x86)\Microchip\xc8\v1.44\sources\common\memset.c
		_memset        		CODE           	ED14	0000	55

C:\Program Files (x86)\Microchip\xc8\v1.44\sources\common\memset.c estimated size: 55

mcc_generated_files/pin_manager.c
		_PIN_MANAGER_Initialize		CODE           	EF04	0000	101

mcc_generated_files/pin_manager.c estimated size: 101

C:\Program Files (x86)\Microchip\xc8\v1.44\sources\common\lwdiv.c
		___lwdiv       		CODE           	EEAE	0000	87

C:\Program Files (x86)\Microchip\xc8\v1.44\sources\common\lwdiv.c estimated size: 87

C:\Program Files (x86)\Microchip\xc8\v1.44\sources\common\doprnt.c
		_printf        		CODE           	F44E	0000	499

C:\Program Files (x86)\Microchip\xc8\v1.44\sources\common\doprnt.c estimated size: 499

C:\Program Files (x86)\Microchip\xc8\v1.44\sources\common\memcpy.c
		_memcpy        		CODE           	EE58	0000	87

C:\Program Files (x86)\Microchip\xc8\v1.44\sources\common\memcpy.c estimated size: 87

mcc_generated_files/ecan.c
		_CAN_receive   		CODE           	F880	0000	655
		_ECAN_Initialize		CODE           	F098	0000	177
		_convertReg2ExtendedCANid		CODE           	F2C6	0000	393
		_CAN_transmit  		CODE           	FB0E	0000	827
		_convertReg2StandardCANid		CODE           	EFFC	0000	157
		_convertCANid2Reg		CODE           	F640	0000	577

mcc_generated_files/ecan.c estimated size: 2786

mcc_generated_files/uart1.c
		_UART1_Initialize		CODE           	ED4A	0000	65

mcc_generated_files/uart1.c estimated size: 65

shared
		_dpowers       		MEDIUMCONST    	FE49	0000	11
		__initialization		CODE           	EC20	0000	3

shared estimated size: 14

mcc_generated_files/mcc.c
		_PMD_Initialize		CODE           	ECF0	0000	37
		_OSCILLATOR_Initialize		CODE           	EC64	0000	25
		_SYSTEM_Initialize		CODE           	EC96	0000	27

mcc_generated_files/mcc.c estimated size: 89

main.c
		_led_init      		CODE           	ECB0	0000	31
		_APP_Initialize		CODE           	EC7C	0000	27
		_main          		CODE           	F148	0000	383
		_uart_command_received		CODE           	EF68	0000	149
		_btn_init      		CODE           	ECCE	0000	35
		_led_toggle    		CODE           	EE10	0000	73

main.c estimated size: 698

